
Memory Configuration

Name             Origin             Length             Attributes
flash            0x0000000000000000 0x0000000020000000 xr
sram             0x0000000020000000 0x0000000020000000 xrw
*default*        0x0000000000000000 0xffffffffffffffff

Linker script and memory map


.text           0x0000000000000000      0x134
 *(.vectors*)
 .vectors       0x0000000000000000       0x18 startup.o
                0x0000000000000000                g_p_n_vectors
 *(.text*)
 .text          0x0000000000000018       0x8c main.o
                0x0000000000000018                main
 .text          0x00000000000000a4       0x90 startup.o
                0x00000000000000a4                H_Fault_handler
                0x00000000000000a4                NMI_handler
                0x00000000000000a4                MM_fault_handler
                0x00000000000000a4                bus_fault_handler
                0x00000000000000a4                Default_handler
                0x00000000000000b0                reset_handler
 *(.rodata)
                0x0000000000000134                . = ALIGN (0x4)
                0x0000000000000134                _E_text = .

.glue_7         0x0000000000000134        0x0
 .glue_7        0x0000000000000134        0x0 linker stubs

.glue_7t        0x0000000000000134        0x0
 .glue_7t       0x0000000000000134        0x0 linker stubs

.vfp11_veneer   0x0000000000000134        0x0
 .vfp11_veneer  0x0000000000000134        0x0 linker stubs

.v4_bx          0x0000000000000134        0x0
 .v4_bx         0x0000000000000134        0x0 linker stubs

.iplt           0x0000000000000134        0x0
 .iplt          0x0000000000000134        0x0 main.o

.rel.dyn        0x0000000000000134        0x0
 .rel.iplt      0x0000000000000134        0x0 main.o

.data           0x0000000020000000        0x0 load address 0x0000000000000134
                0x0000000020000000                _s_data = .
 *(.data)
 .data          0x0000000020000000        0x0 main.o
 .data          0x0000000020000000        0x0 startup.o
                0x0000000020000000                _E_data = .

.igot.plt       0x0000000020000000        0x0 load address 0x0000000000000134
 .igot.plt      0x0000000020000000        0x0 main.o

.bss            0x0000000020000000      0x400 load address 0x0000000000000134
                0x0000000020000000                _s_bss = .
 *(.bss*)
 .bss           0x0000000020000000        0x0 main.o
 .bss           0x0000000020000000      0x400 startup.o
                0x0000000020000400                _E_bss = .
LOAD main.o
LOAD startup.o
OUTPUT(learn-in-depth.elf elf32-littlearm)

.debug_info     0x0000000000000000      0xb23
 .debug_info    0x0000000000000000      0x9a2 main.o
 .debug_info    0x00000000000009a2      0x181 startup.o

.debug_abbrev   0x0000000000000000      0x256
 .debug_abbrev  0x0000000000000000      0x18e main.o
 .debug_abbrev  0x000000000000018e       0xc8 startup.o

.debug_loc      0x0000000000000000       0xb4
 .debug_loc     0x0000000000000000       0x38 main.o
 .debug_loc     0x0000000000000038       0x7c startup.o

.debug_aranges  0x0000000000000000       0x40
 .debug_aranges
                0x0000000000000000       0x20 main.o
 .debug_aranges
                0x0000000000000020       0x20 startup.o

.debug_line     0x0000000000000000      0x266
 .debug_line    0x0000000000000000      0x200 main.o
 .debug_line    0x0000000000000200       0x66 startup.o

.debug_str      0x0000000000000000      0x563
 .debug_str     0x0000000000000000      0x4de main.o
                                        0x542 (size before relaxing)
 .debug_str     0x00000000000004de       0x85 startup.o
                                        0x1c2 (size before relaxing)

.comment        0x0000000000000000       0x7b
 .comment       0x0000000000000000       0x7b main.o
                                         0x7c (size before relaxing)
 .comment       0x000000000000007b       0x7c startup.o

.ARM.attributes
                0x0000000000000000       0x33
 .ARM.attributes
                0x0000000000000000       0x33 main.o
 .ARM.attributes
                0x0000000000000033       0x33 startup.o

.debug_frame    0x0000000000000000       0x7c
 .debug_frame   0x0000000000000000       0x2c main.o
 .debug_frame   0x000000000000002c       0x50 startup.o
