
Memory Configuration

Name             Origin             Length             Attributes
mem              0x00000000         0x04000000         xrw
*default*        0x00000000         0xffffffff

Linker script and memory map

                0x00010000                . = 0x10000

.startup        0x00010000        0xc
 startup.o(.text)
 .text          0x00010000        0xc startup.o

.text           0x0001000c       0xd4
 *(.text)
 .text          0x0001000c       0xd4 main.o
                0x0001000c                main
 *(.rodata)

.glue_7         0x000100e0        0x0
 .glue_7        0x00000000        0x0 linker stubs

.glue_7t        0x000100e0        0x0
 .glue_7t       0x00000000        0x0 linker stubs

.vfp11_veneer   0x000100e0        0x0
 .vfp11_veneer  0x00000000        0x0 linker stubs

.v4_bx          0x000100e0        0x0
 .v4_bx         0x00000000        0x0 linker stubs

.iplt           0x000100e0        0x0
 .iplt          0x00000000        0x0 startup.o

.rel.dyn        0x000100e0        0x0
 .rel.iplt      0x00000000        0x0 startup.o

.data           0x000100e0        0x4
 *(.data)
 .data          0x000100e0        0x0 startup.o
 .data          0x000100e0        0x4 main.o
                0x000100e0                RegODR

.igot.plt       0x000100e4        0x0
 .igot.plt      0x00000000        0x0 startup.o

.bss            0x000100e4        0x0
 *(.bss)
 .bss           0x000100e4        0x0 startup.o
 .bss           0x000100e4        0x0 main.o
 *(COMMON)
                0x000200e4                . = (. + 0x10000)
                0x000200e4                stack_top = .
LOAD main.o
LOAD startup.o
OUTPUT(learn-in-depth.elf elf32-littlearm)

.vectors        0x00000000       0x50
 .vectors       0x00000000       0x50 startup.o

.ARM.attributes
                0x00000000       0x2e
 .ARM.attributes
                0x00000000       0x22 startup.o
 .ARM.attributes
                0x00000022       0x32 main.o

.comment        0x00000000       0x11
 .comment       0x00000000       0x11 main.o
                                 0x12 (size before relaxing)

.debug_line     0x00000000       0xd9
 .debug_line    0x00000000       0x3b startup.o
 .debug_line    0x0000003b       0x9e main.o

.debug_info     0x00000000      0x1bf
 .debug_info    0x00000000       0x8e startup.o
 .debug_info    0x0000008e      0x131 main.o

.debug_abbrev   0x00000000       0xdc
 .debug_abbrev  0x00000000       0x14 startup.o
 .debug_abbrev  0x00000014       0xc8 main.o

.debug_aranges  0x00000000       0x40
 .debug_aranges
                0x00000000       0x20 startup.o
 .debug_aranges
                0x00000020       0x20 main.o

.debug_loc      0x00000000       0x2c
 .debug_loc     0x00000000       0x2c main.o

.debug_str      0x00000000      0x102
 .debug_str     0x00000000      0x102 main.o
                                0x13b (size before relaxing)

.debug_frame    0x00000000       0x28
 .debug_frame   0x00000000       0x28 main.o
